Platform: macOS-26.5.1-arm64-arm-64bit  machine=arm64
torch 2.13.0  mlx 0.32.0  mps=True
grid: frameworks=['mlx'] configs=['size30m', 'size60m', 'size120m'] batch_sizes=[32]
rounds: 2, frameworks paired within a cell

--- round 1 of 2 ---
[run ] r0 mlx size30m bs32 ...
       -> 4,516 tok/s, 3.628 s/step, bf16, load 4.5
[run ] r0 mlx size60m bs32 ...
       -> 2,837 tok/s, 5.774 s/step, bf16, load 3.3
[run ] r0 mlx size120m bs32 ...
       -> 770 tok/s, 21.287 s/step, bf16, load 24.4
--- round 2 of 2 ---
[run ] r1 mlx size30m bs32 ...
       -> 4,620 tok/s, 3.546 s/step, bf16, load 45.5
[run ] r1 mlx size60m bs32 ...
       -> 2,688 tok/s, 6.095 s/step, bf16, load 35.0
[run ] r1 mlx size120m bs32 ...
       -> 750 tok/s, 21.834 s/step, bf16, load 64.7

framework  config     bs  prec      tok/s   s/step  peakGB  rssGB   loss0   loss1 steps  error
----------------------------------------------------------------------------------------------
mlx        size30m    32  bf16      4,620    3.546    9.75   0.11   9.808   9.739    30  
mlx        size30m    32  bf16      4,516    3.628    9.75   0.03   9.800   9.741    30  
mlx        size60m    32  bf16      2,837    5.774   12.64   0.11   9.816   9.768     8  
mlx        size60m    32  bf16      2,688    6.095   12.64   0.03   9.822   9.769     8  
mlx        size120m   32  bf16        770   21.287   18.51   0.03   9.854   9.794     8  
mlx        size120m   32  bf16        750   21.834   18.51   0.03   9.860   9.788     8  

Median tokens per second over rounds, and the within-round MLX to torch ratio.
A ratio above 1 means MLX was faster on the same machine at the same moment.

config     bs  torch tok/s    mlx tok/s  mlx/torch
----------------------------------------------------
size30m    32            -        4,568          -
size120m   32            -          760          -
Median 1 minute load average during the pilot: 29.71 (this machine is shared, so absolute throughput is a lower bound)

Wrote analysis/pilot/throughput.json
