Platform: macOS-26.5.1-arm64-arm-64bit  machine=arm64
torch 2.13.0  mlx 0.32.0  mps=True
grid: frameworks=[torch-mps, mlx] configs=['size30m', 'size120m'] batch_sizes=[16, 32, 64]
rounds: 3, frameworks paired within a cell

--- round 1 of 3 ---
[run ] r0 torch-mps size30m bs16 ...
       -> 2,685 tok/s, 3.051 s/step, bf16, load 4.1
[run ] r0 mlx size30m bs16 ...
       -> 4,742 tok/s, 1.727 s/step, bf16, load 3.7
[run ] r0 torch-mps size30m bs32 ...
       -> 3,131 tok/s, 5.232 s/step, bf16, load 3.0
[run ] r0 mlx size30m bs32 ...
       -> 4,885 tok/s, 3.354 s/step, bf16, load 3.1
[run ] r0 torch-mps size30m bs64 ...
       -> 498 tok/s, 65.747 s/step, bf16, load 9.9
[run ] r0 mlx size30m bs64 ...
       -> 2,027 tok/s, 16.169 s/step, bf16, load 15.1
[run ] r0 torch-mps size120m bs16 ...
       -> 833 tok/s, 9.834 s/step, bf16, load 10.3
[run ] r0 mlx size120m bs16 ...
       -> 1,329 tok/s, 6.162 s/step, bf16, load 11.0
[run ] r0 torch-mps size120m bs32 ...
